--------------------------------------------------------------------------------
Release 14.7 Trace  (nt64)
Copyright (c) 1995-2013 Xilinx, Inc.  All rights reserved.

C:\Xilinx\14.7\ISE_DS\ISE\bin\nt64\unwrapped\trce.exe -intstyle ise -v 3 -s 3
-n 3 -fastpaths -xml TopModule.twx TopModule.ncd -o TopModule.twr TopModule.pcf
-ucf top_module.ucf

Design file:              TopModule.ncd
Physical constraint file: TopModule.pcf
Device,package,speed:     xc6slx16,csg324,C,-3 (PRODUCTION 1.23 2013-10-13)
Report level:             verbose report

Environment Variable      Effect 
--------------------      ------ 
NONE                      No environment variables were set
--------------------------------------------------------------------------------

INFO:Timing:2698 - No timing constraints found, doing default enumeration.
INFO:Timing:3412 - To improve timing, see the Timing Closure User Guide (UG612).
INFO:Timing:2752 - To get complete path coverage, use the unconstrained paths 
   option. All paths that are not constrained will be reported in the 
   unconstrained paths section(s) of the report.
INFO:Timing:3339 - The clock-to-out numbers in this timing report are based on 
   a 50 Ohm transmission line loading model.  For the details of this model, 
   and for more information on accounting for different loading conditions, 
   please see the device datasheet.



Data Sheet report:
-----------------
All values displayed in nanoseconds (ns)

Setup/Hold to clock fpga_clk
------------+------------+------------+------------+------------+------------------+--------+
            |Max Setup to|  Process   |Max Hold to |  Process   |                  | Clock  |
Source      | clk (edge) |   Corner   | clk (edge) |   Corner   |Internal Clock(s) | Phase  |
------------+------------+------------+------------+------------+------------------+--------+
fire        |    3.962(R)|      SLOW  |   -2.066(R)|      FAST  |pixel_clk         |   0.000|
left        |    6.399(R)|      SLOW  |   -2.315(R)|      FAST  |pixel_clk         |   0.000|
right       |    4.800(R)|      SLOW  |   -2.090(R)|      FAST  |pixel_clk         |   0.000|
rst         |    8.627(R)|      SLOW  |   -2.281(R)|      FAST  |pixel_clk         |   0.000|
startButton |    5.198(R)|      SLOW  |   -2.745(R)|      FAST  |pixel_clk         |   0.000|
------------+------------+------------+------------+------------+------------------+--------+

Clock fpga_clk to Pad
------------+-----------------+------------+-----------------+------------+------------------+--------+
            |Max (slowest) clk|  Process   |Min (fastest) clk|  Process   |                  | Clock  |
Destination |  (edge) to PAD  |   Corner   |  (edge) to PAD  |   Corner   |Internal Clock(s) | Phase  |
------------+-----------------+------------+-----------------+------------+------------------+--------+
HS          |         7.152(R)|      SLOW  |         4.636(R)|      FAST  |pixel_clk         |   0.000|
VS          |         6.635(R)|      SLOW  |         4.301(R)|      FAST  |pixel_clk         |   0.000|
blue<0>     |        50.805(R)|      SLOW  |         5.109(R)|      FAST  |pixel_clk         |   0.000|
blue<1>     |        51.023(R)|      SLOW  |         5.119(R)|      FAST  |pixel_clk         |   0.000|
green<0>    |        50.731(R)|      SLOW  |         4.649(R)|      FAST  |pixel_clk         |   0.000|
green<1>    |        48.907(R)|      SLOW  |         4.983(R)|      FAST  |pixel_clk         |   0.000|
green<2>    |        48.276(R)|      SLOW  |         4.907(R)|      FAST  |pixel_clk         |   0.000|
red<0>      |        50.573(R)|      SLOW  |         4.911(R)|      FAST  |pixel_clk         |   0.000|
red<1>      |        51.433(R)|      SLOW  |         4.811(R)|      FAST  |pixel_clk         |   0.000|
red<2>      |        50.633(R)|      SLOW  |         4.657(R)|      FAST  |pixel_clk         |   0.000|
------------+-----------------+------------+-----------------+------------+------------------+--------+

Clock to Setup on destination clock fpga_clk
---------------+---------+---------+---------+---------+
               | Src:Rise| Src:Fall| Src:Rise| Src:Fall|
Source Clock   |Dest:Rise|Dest:Rise|Dest:Fall|Dest:Fall|
---------------+---------+---------+---------+---------+
fpga_clk       |   19.336|         |         |         |
---------------+---------+---------+---------+---------+


Analysis completed Thu Apr 20 11:31:57 2017 
--------------------------------------------------------------------------------

Trace Settings:
-------------------------
Trace Settings 

Peak Memory Usage: 249 MB



