Release 14.7 - xst P.20131013 (nt64)
Copyright (c) 1995-2013 Xilinx, Inc.  All rights reserved.
--> Parameter TMPDIR set to xst/projnav.tmp


Total REAL time to Xst completion: 0.00 secs
Total CPU time to Xst completion: 0.06 secs
 
--> Parameter xsthdpdir set to xst


Total REAL time to Xst completion: 0.00 secs
Total CPU time to Xst completion: 0.06 secs
 
--> Reading design: TopModule.prj

TABLE OF CONTENTS
  1) Synthesis Options Summary
  2) HDL Parsing
  3) HDL Elaboration
  4) HDL Synthesis
       4.1) HDL Synthesis Report
  5) Advanced HDL Synthesis
       5.1) Advanced HDL Synthesis Report
  6) Low Level Synthesis
  7) Partition Report
  8) Design Summary
       8.1) Primitive and Black Box Usage
       8.2) Device utilization summary
       8.3) Partition Resource Summary
       8.4) Timing Report
            8.4.1) Clock Information
            8.4.2) Asynchronous Control Signals Information
            8.4.3) Timing Summary
            8.4.4) Timing Details
            8.4.5) Cross Clock Domains Report


=========================================================================
*                      Synthesis Options Summary                        *
=========================================================================
---- Source Parameters
Input File Name                    : "TopModule.prj"
Ignore Synthesis Constraint File   : NO

---- Target Parameters
Output File Name                   : "TopModule"
Output Format                      : NGC
Target Device                      : xc6slx16-3-csg324

---- Source Options
Top Module Name                    : TopModule
Automatic FSM Extraction           : YES
FSM Encoding Algorithm             : Auto
Safe Implementation                : No
FSM Style                          : LUT
RAM Extraction                     : Yes
RAM Style                          : Auto
ROM Extraction                     : Yes
Shift Register Extraction          : YES
ROM Style                          : Auto
Resource Sharing                   : YES
Asynchronous To Synchronous        : NO
Shift Register Minimum Size        : 2
Use DSP Block                      : Auto
Automatic Register Balancing       : No

---- Target Options
LUT Combining                      : Auto
Reduce Control Sets                : Auto
Add IO Buffers                     : YES
Global Maximum Fanout              : 100000
Add Generic Clock Buffer(BUFG)     : 16
Register Duplication               : YES
Optimize Instantiated Primitives   : NO
Use Clock Enable                   : Auto
Use Synchronous Set                : Auto
Use Synchronous Reset              : Auto
Pack IO Registers into IOBs        : Auto
Equivalent register Removal        : YES

---- General Options
Optimization Goal                  : Speed
Optimization Effort                : 1
Power Reduction                    : NO
Keep Hierarchy                     : No
Netlist Hierarchy                  : As_Optimized
RTL Output                         : Yes
Global Optimization                : AllClockNets
Read Cores                         : YES
Write Timing Constraints           : NO
Cross Clock Analysis               : NO
Hierarchy Separator                : /
Bus Delimiter                      : <>
Case Specifier                     : Maintain
Slice Utilization Ratio            : 100
BRAM Utilization Ratio             : 100
DSP48 Utilization Ratio            : 100
Auto BRAM Packing                  : NO
Slice Utilization Ratio Delta      : 5

---- Other Options
Cores Search Directories           : {"ipcore_dir"  }

=========================================================================


=========================================================================
*                          HDL Parsing                                  *
=========================================================================
Parsing VHDL file "C:\Users\samuel.riedo\Desktop\Space-Invaders\Development version\ipcore_dir\StartScreenRom.vhd" into library work
Parsing entity <StartScreenRom>.
Parsing architecture <StartScreenRom_a> of entity <startscreenrom>.
Parsing VHDL file "C:\Users\samuel.riedo\Desktop\Space-Invaders\Development version\SpaceInvadersPackage.vhd" into library work
Parsing package <SpaceInvadersPackage>.
Parsing VHDL file "C:\Users\samuel.riedo\Desktop\Space-Invaders\Development version\VGA_Internal.vhd" into library work
Parsing entity <VGA_Internal>.
Parsing architecture <logic> of entity <vga_internal>.
Parsing VHDL file "C:\Users\samuel.riedo\Desktop\Space-Invaders\Development version\Display.vhd" into library work
Parsing entity <Display>.
Parsing architecture <logic> of entity <display>.
Parsing VHDL file "C:\Users\samuel.riedo\Desktop\Space-Invaders\Development version\DCM.vhd" into library work
Parsing entity <DCM>.
Parsing architecture <xilinx> of entity <dcm>.
Parsing VHDL file "C:\Users\samuel.riedo\Desktop\Space-Invaders\Development version\TopModule.vhd" into library work
Parsing entity <TopModule>.
Parsing architecture <Behavioral> of entity <topmodule>.

=========================================================================
*                            HDL Elaboration                            *
=========================================================================

Elaborating entity <TopModule> (architecture <Behavioral>) from library <work>.

Elaborating entity <StartScreenRom> (architecture <StartScreenRom_a>) from library <work>.

Elaborating entity <DCM> (architecture <xilinx>) from library <work>.

Elaborating entity <VGA_Internal> (architecture <logic>) from library <work>.

Elaborating entity <Display> (architecture <logic>) from library <work>.
WARNING:HDLCompiler:1127 - "C:\Users\samuel.riedo\Desktop\Space-Invaders\Development version\Display.vhd" Line 41: Assignment to hcounter ignored, since the identifier is never used
WARNING:HDLCompiler:1127 - "C:\Users\samuel.riedo\Desktop\Space-Invaders\Development version\Display.vhd" Line 42: Assignment to vcounter ignored, since the identifier is never used

=========================================================================
*                           HDL Synthesis                               *
=========================================================================

Synthesizing Unit <TopModule>.
    Related source file is "C:\Users\samuel.riedo\Desktop\Space-Invaders\Development version\TopModule.vhd".
INFO:Xst:3210 - "C:\Users\samuel.riedo\Desktop\Space-Invaders\Development version\TopModule.vhd" line 81: Output port <LOCKED> of the instance <DCM_map> is unconnected or connected to loadless signal.
    Found 17-bit adder for signal <n0007> created at line 70.
    Found 8x9-bit multiplier for signal <n0011> created at line 70.
    Summary:
	inferred   1 Multiplier(s).
	inferred   1 Adder/Subtractor(s).
Unit <TopModule> synthesized.

Synthesizing Unit <DCM>.
    Related source file is "C:\Users\samuel.riedo\Desktop\Space-Invaders\Development version\DCM.vhd".
    Summary:
	no macro.
Unit <DCM> synthesized.

Synthesizing Unit <VGA_Internal>.
    Related source file is "C:\Users\samuel.riedo\Desktop\Space-Invaders\Development version\VGA_Internal.vhd".
    Found 1-bit register for signal <blank>.
    Found 10-bit register for signal <vcounter>.
    Found 11-bit register for signal <hcounter>.
    Found 1-bit register for signal <hs>.
    Found 1-bit register for signal <vs>.
    Found 11-bit adder for signal <hcounter[10]_GND_16_o_add_4_OUT> created at line 50.
    Found 10-bit adder for signal <vcounter[9]_GND_16_o_add_8_OUT> created at line 65.
    Found 11-bit comparator lessequal for signal <n0011> created at line 77
    Found 11-bit comparator greater for signal <hcounter[10]_GND_16_o_LessThan_14_o> created at line 77
    Found 10-bit comparator lessequal for signal <n0016> created at line 91
    Found 10-bit comparator greater for signal <vcounter[9]_PWR_11_o_LessThan_16_o> created at line 91
    Found 11-bit comparator greater for signal <hcounter[10]_GND_16_o_LessThan_17_o> created at line 105
    Found 10-bit comparator greater for signal <vcounter[9]_PWR_11_o_LessThan_18_o> created at line 105
    Summary:
	inferred   2 Adder/Subtractor(s).
	inferred  24 D-type flip-flop(s).
	inferred   6 Comparator(s).
	inferred   2 Multiplexer(s).
Unit <VGA_Internal> synthesized.

Synthesizing Unit <Display>.
    Related source file is "C:\Users\samuel.riedo\Desktop\Space-Invaders\Development version\Display.vhd".
WARNING:Xst:647 - Input <hcount> is never used. This port will be preserved and left unconnected if it belongs to a top-level block or it belongs to a sub-block and the hierarchy of this sub-block is preserved.
WARNING:Xst:647 - Input <vcount> is never used. This port will be preserved and left unconnected if it belongs to a top-level block or it belongs to a sub-block and the hierarchy of this sub-block is preserved.
WARNING:Xst:647 - Input <clk> is never used. This port will be preserved and left unconnected if it belongs to a top-level block or it belongs to a sub-block and the hierarchy of this sub-block is preserved.
WARNING:Xst:647 - Input <reset> is never used. This port will be preserved and left unconnected if it belongs to a top-level block or it belongs to a sub-block and the hierarchy of this sub-block is preserved.
    Summary:
	inferred   3 Multiplexer(s).
Unit <Display> synthesized.

=========================================================================
HDL Synthesis Report

Macro Statistics
# Multipliers                                          : 1
 9x8-bit multiplier                                    : 1
# Adders/Subtractors                                   : 3
 10-bit adder                                          : 1
 11-bit adder                                          : 1
 17-bit adder                                          : 1
# Registers                                            : 5
 1-bit register                                        : 3
 10-bit register                                       : 1
 11-bit register                                       : 1
# Comparators                                          : 6
 10-bit comparator greater                             : 2
 10-bit comparator lessequal                           : 1
 11-bit comparator greater                             : 2
 11-bit comparator lessequal                           : 1
# Multiplexers                                         : 5
 10-bit 2-to-1 multiplexer                             : 1
 11-bit 2-to-1 multiplexer                             : 1
 2-bit 2-to-1 multiplexer                              : 1
 3-bit 2-to-1 multiplexer                              : 2

=========================================================================

=========================================================================
*                       Advanced HDL Synthesis                          *
=========================================================================

Reading core <ipcore_dir/StartScreenRom.ngc>.
Loading core <StartScreenRom> for timing and area information for instance <StartScreenRom_map>.

Synthesizing (advanced) Unit <TopModule>.
	Multiplier <Mmult_n0011> in block <TopModule> and adder/subtractor <Madd_n0007_Madd> in block <TopModule> are combined into a MAC<Maddsub_n0011>.
Unit <TopModule> synthesized (advanced).

Synthesizing (advanced) Unit <VGA_Internal>.
The following registers are absorbed into counter <hcounter>: 1 register on signal <hcounter>.
The following registers are absorbed into counter <vcounter>: 1 register on signal <vcounter>.
Unit <VGA_Internal> synthesized (advanced).

=========================================================================
Advanced HDL Synthesis Report

Macro Statistics
# MACs                                                 : 1
 9x8-to-15-bit MAC                                     : 1
# Counters                                             : 2
 10-bit up counter                                     : 1
 11-bit up counter                                     : 1
# Registers                                            : 3
 Flip-Flops                                            : 3
# Comparators                                          : 6
 10-bit comparator greater                             : 2
 10-bit comparator lessequal                           : 1
 11-bit comparator greater                             : 2
 11-bit comparator lessequal                           : 1
# Multiplexers                                         : 3
 2-bit 2-to-1 multiplexer                              : 1
 3-bit 2-to-1 multiplexer                              : 2

=========================================================================

=========================================================================
*                         Low Level Synthesis                           *
=========================================================================

Optimizing unit <TopModule> ...

Optimizing unit <VGA_Internal> ...

Mapping all equations...
Building and optimizing final netlist ...
Found area constraint ratio of 100 (+ 5) on block TopModule, actual ratio is 0.

Final Macro Processing ...

=========================================================================
Final Register Report

Macro Statistics
# Registers                                            : 24
 Flip-Flops                                            : 24

=========================================================================

=========================================================================
*                           Partition Report                            *
=========================================================================

Partition Implementation Status
-------------------------------

  No Partitions were found in this design.

-------------------------------

=========================================================================
*                            Design Summary                             *
=========================================================================

Top Level Output File Name         : TopModule.ngc

Primitive and Black Box Usage:
------------------------------
# BELS                             : 105
#      GND                         : 2
#      INV                         : 1
#      LUT2                        : 9
#      LUT3                        : 32
#      LUT4                        : 1
#      LUT5                        : 1
#      LUT6                        : 17
#      MUXCY                       : 19
#      VCC                         : 2
#      XORCY                       : 21
# FlipFlops/Latches                : 28
#      FDC                         : 13
#      FDCE                        : 10
#      FDE                         : 4
#      FDP                         : 1
# RAMS                             : 15
#      RAMB16BWER                  : 15
# Clock Buffers                    : 2
#      BUFG                        : 2
# IO Buffers                       : 12
#      IBUF                        : 1
#      IBUFG                       : 1
#      OBUF                        : 10
# DCMs                             : 1
#      DCM_SP                      : 1
# DSPs                             : 1
#      DSP48A1                     : 1

Device utilization summary:
---------------------------

Selected Device : 6slx16csg324-3 


Slice Logic Utilization: 
 Number of Slice Registers:              28  out of  18224     0%  
 Number of Slice LUTs:                   61  out of   9112     0%  
    Number used as Logic:                61  out of   9112     0%  

Slice Logic Distribution: 
 Number of LUT Flip Flop pairs used:     65
   Number with an unused Flip Flop:      37  out of     65    56%  
   Number with an unused LUT:             4  out of     65     6%  
   Number of fully used LUT-FF pairs:    24  out of     65    36%  
   Number of unique control sets:         3

IO Utilization: 
 Number of IOs:                          12
 Number of bonded IOBs:                  12  out of    232     5%  

Specific Feature Utilization:
 Number of Block RAM/FIFO:               15  out of     32    46%  
    Number using Block RAM only:         15
 Number of BUFG/BUFGCTRLs:                2  out of     16    12%  
 Number of DSP48A1s:                      1  out of     32     3%  

---------------------------
Partition Resource Summary:
---------------------------

  No Partitions were found in this design.

---------------------------


=========================================================================
Timing Report

NOTE: THESE TIMING NUMBERS ARE ONLY A SYNTHESIS ESTIMATE.
      FOR ACCURATE TIMING INFORMATION PLEASE REFER TO THE TRACE REPORT
      GENERATED AFTER PLACE-and-ROUTE.

Clock Information:
------------------
-----------------------------------+---------------------------------------------------------------------------------------------------------------------------------------------+-------+
Clock Signal                       | Clock buffer(FF name)                                                                                                                       | Load  |
-----------------------------------+---------------------------------------------------------------------------------------------------------------------------------------------+-------+
fpga_clk                           | DCM_SP:CLKFX                                                                                                                                | 43    |
StartScreenRom_map/N1              | NONE(StartScreenRom_map/U0/xst_blk_mem_generator/gnativebmg.native_blk_mem_gen/valid.cstr/ramloop[0].ram.r/s6_init.ram/SP.SIMPLE_PRIM18.ram)| 15    |
-----------------------------------+---------------------------------------------------------------------------------------------------------------------------------------------+-------+
INFO:Xst:2169 - HDL ADVISOR - Some clock signals were not automatically buffered by XST with BUFG/BUFR resources. Please use the buffer_type constraint in order to insert these buffers to the clock signals to help prevent skew problems.

Asynchronous Control Signals Information:
----------------------------------------
No asynchronous control signals found in this design

Timing Summary:
---------------
Speed Grade: -3

   Minimum period: 3.090ns (Maximum Frequency: 323.608MHz)
   Minimum input arrival time before clock: 2.824ns
   Maximum output required time after clock: 7.599ns
   Maximum combinational path delay: No path found

Timing Details:
---------------
All values displayed in nanoseconds (ns)

=========================================================================
Timing constraint: Default period analysis for Clock 'fpga_clk'
  Clock period: 3.090ns (frequency: 323.608MHz)
  Total number of paths / destination ports: 5652 / 252
-------------------------------------------------------------------------
Delay:               7.725ns (Levels of Logic = 3)
  Source:            VGA/hcounter_9 (FF)
  Destination:       StartScreenRom_map/U0/xst_blk_mem_generator/gnativebmg.native_blk_mem_gen/valid.cstr/ramloop[3].ram.r/s6_init.ram/SP.SIMPLE_PRIM18.ram (RAM)
  Source Clock:      fpga_clk rising 0.4X
  Destination Clock: fpga_clk rising 0.4X

  Data Path: VGA/hcounter_9 to StartScreenRom_map/U0/xst_blk_mem_generator/gnativebmg.native_blk_mem_gen/valid.cstr/ramloop[3].ram.r/s6_init.ram/SP.SIMPLE_PRIM18.ram
                                Gate     Net
    Cell:in->out      fanout   Delay   Delay  Logical Name (Net Name)
    ----------------------------------------  ------------
     FDC:C->Q              6   0.447   0.744  VGA/hcounter_9 (VGA/hcounter_9)
     DSP48A1:B7->P13      12   4.394   1.137  Maddsub_n0011 (n0007<13>)
     begin scope: 'StartScreenRom_map:addra<13>'
     LUT4:I1->O            1   0.205   0.579  U0/xst_blk_mem_generator/gnativebmg.native_blk_mem_gen/valid.cstr/bindec_a.bindec_inst_a/ADDR[3]_PWR_16_o_equal_15_o<3>1 (U0/xst_blk_mem_generator/gnativebmg.native_blk_mem_gen/valid.cstr/ena_array<14>)
     RAMB16BWER:ENA            0.220          U0/xst_blk_mem_generator/gnativebmg.native_blk_mem_gen/valid.cstr/ramloop[3].ram.r/s6_init.ram/SP.SIMPLE_PRIM18.ram
    ----------------------------------------
    Total                      7.725ns (5.266ns logic, 2.459ns route)
                                       (68.2% logic, 31.8% route)

=========================================================================
Timing constraint: Default OFFSET IN BEFORE for Clock 'fpga_clk'
  Total number of paths / destination ports: 24 / 24
-------------------------------------------------------------------------
Offset:              2.824ns (Levels of Logic = 1)
  Source:            rst (PAD)
  Destination:       VGA/vcounter_9 (FF)
  Destination Clock: fpga_clk rising 0.4X

  Data Path: rst to VGA/vcounter_9
                                Gate     Net
    Cell:in->out      fanout   Delay   Delay  Logical Name (Net Name)
    ----------------------------------------  ------------
     IBUF:I->O            24   1.222   1.172  rst_IBUF (rst_IBUF)
     FDC:CLR                   0.430          VGA/vs
    ----------------------------------------
    Total                      2.824ns (1.652ns logic, 1.172ns route)
                                       (58.5% logic, 41.5% route)

=========================================================================
Timing constraint: Default OFFSET OUT AFTER for Clock 'fpga_clk'
  Total number of paths / destination ports: 74 / 10
-------------------------------------------------------------------------
Offset:              7.599ns (Levels of Logic = 5)
  Source:            StartScreenRom_map/U0/xst_blk_mem_generator/gnativebmg.native_blk_mem_gen/valid.cstr/ramloop[10].ram.r/s6_init.ram/SP.SIMPLE_PRIM18.ram (RAM)
  Destination:       red<2> (PAD)
  Source Clock:      fpga_clk rising 0.4X

  Data Path: StartScreenRom_map/U0/xst_blk_mem_generator/gnativebmg.native_blk_mem_gen/valid.cstr/ramloop[10].ram.r/s6_init.ram/SP.SIMPLE_PRIM18.ram to red<2>
                                Gate     Net
    Cell:in->out      fanout   Delay   Delay  Logical Name (Net Name)
    ----------------------------------------  ------------
     RAMB16BWER:CLKA->DOA3    1   1.850   0.827  U0/xst_blk_mem_generator/gnativebmg.native_blk_mem_gen/valid.cstr/ramloop[10].ram.r/s6_init.ram/SP.SIMPLE_PRIM18.ram (U0/xst_blk_mem_generator/gnativebmg.native_blk_mem_gen/valid.cstr/ramloop[10].ram.ram_douta<3>)
     LUT6:I2->O            1   0.203   0.580  U0/xst_blk_mem_generator/gnativebmg.native_blk_mem_gen/valid.cstr/douta_i<7>1 (U0/xst_blk_mem_generator/gnativebmg.native_blk_mem_gen/valid.cstr/douta_i<7>)
     LUT3:I2->O            1   0.205   0.580  U0/xst_blk_mem_generator/gnativebmg.native_blk_mem_gen/valid.cstr/douta_i<7>2 (douta<7>)
     end scope: 'StartScreenRom_map:douta<7>'
     LUT2:I1->O            1   0.205   0.579  Display_Map/Mmux_red31 (red_2_OBUF)
     OBUF:I->O                 2.571          red_2_OBUF (red<2>)
    ----------------------------------------
    Total                      7.599ns (5.034ns logic, 2.565ns route)
                                       (66.2% logic, 33.8% route)

=========================================================================

Cross Clock Domains Report:
--------------------------

Clock to Setup on destination clock fpga_clk
---------------+---------+---------+---------+---------+
               | Src:Rise| Src:Fall| Src:Rise| Src:Fall|
Source Clock   |Dest:Rise|Dest:Rise|Dest:Fall|Dest:Fall|
---------------+---------+---------+---------+---------+
fpga_clk       |    7.725|         |         |         |
---------------+---------+---------+---------+---------+

=========================================================================


Total REAL time to Xst completion: 5.00 secs
Total CPU time to Xst completion: 5.05 secs
 
--> 

Total memory usage is 276256 kilobytes

Number of errors   :    0 (   0 filtered)
Number of warnings :    6 (   0 filtered)
Number of infos    :    2 (   0 filtered)

